metal1		NET		1		0
metal1		SPNET		2		0
metal1		PIN		3		0
metal1		LEFPIN		4		0
metal1		FILL		5		0
metal1		FILLOPC		6		0
metal1		VIA		7		0
metal1		VIAFILL		8		0
metal1		VIAFILLOPC		9		0
metal1		LEFOBS		10		0
NAME		metal1/NET		11		0
NAME		metal1/SPNET		12		0
NAME		metal1/PIN		13		0
NAME		metal1/LEFPIN		14		0
via		PIN		15		0
via		LEFPIN		16		0
via		FILL		17		0
via		FILLOPC		18		0
via		VIA		19		0
via		VIAFILL		20		0
via		VIAFILLOPC		21		0
metal2		NET		22		0
metal2		SPNET		23		0
metal2		PIN		24		0
metal2		LEFPIN		25		0
metal2		FILL		26		0
metal2		FILLOPC		27		0
metal2		VIA		28		0
metal2		VIAFILL		29		0
metal2		VIAFILLOPC		30		0
metal2		LEFOBS		31		0
NAME		metal2/NET		32		0
NAME		metal2/SPNET		33		0
NAME		metal2/PIN		34		0
NAME		metal2/LEFPIN		35		0
via2		PIN		36		0
via2		LEFPIN		37		0
via2		FILL		38		0
via2		FILLOPC		39		0
via2		VIA		40		0
via2		VIAFILL		41		0
via2		VIAFILLOPC		42		0
metal3		NET		43		0
metal3		SPNET		44		0
metal3		PIN		45		0
metal3		LEFPIN		46		0
metal3		FILL		47		0
metal3		FILLOPC		48		0
metal3		VIA		49		0
metal3		VIAFILL		50		0
metal3		VIAFILLOPC		51		0
metal3		LEFOBS		52		0
NAME		metal3/NET		53		0
NAME		metal3/SPNET		54		0
NAME		metal3/PIN		55		0
NAME		metal3/LEFPIN		56		0
via3		PIN		57		0
via3		LEFPIN		58		0
via3		FILL		59		0
via3		FILLOPC		60		0
via3		VIA		61		0
via3		VIAFILL		62		0
via3		VIAFILLOPC		63		0
metal4		NET		64		0
metal4		SPNET		65		0
metal4		PIN		66		0
metal4		LEFPIN		67		0
metal4		FILL		68		0
metal4		FILLOPC		69		0
metal4		VIA		70		0
metal4		VIAFILL		71		0
metal4		VIAFILLOPC		72		0
metal4		LEFOBS		73		0
NAME		metal4/NET		74		0
NAME		metal4/SPNET		75		0
NAME		metal4/PIN		76		0
NAME		metal4/LEFPIN		77		0
via4		PIN		78		0
via4		LEFPIN		79		0
via4		FILL		80		0
via4		FILLOPC		81		0
via4		VIA		82		0
via4		VIAFILL		83		0
via4		VIAFILLOPC		84		0
metal5		NET		85		0
metal5		SPNET		86		0
metal5		PIN		87		0
metal5		LEFPIN		88		0
metal5		FILL		89		0
metal5		FILLOPC		90		0
metal5		VIA		91		0
metal5		VIAFILL		92		0
metal5		VIAFILLOPC		93		0
metal5		LEFOBS		94		0
NAME		metal5/NET		95		0
NAME		metal5/SPNET		96		0
NAME		metal5/PIN		97		0
NAME		metal5/LEFPIN		98		0
via5		PIN		99		0
via5		LEFPIN		100		0
via5		FILL		101		0
via5		FILLOPC		102		0
via5		VIA		103		0
via5		VIAFILL		104		0
via5		VIAFILLOPC		105		0
metal6		NET		106		0
metal6		SPNET		107		0
metal6		PIN		108		0
metal6		LEFPIN		109		0
metal6		FILL		110		0
metal6		FILLOPC		111		0
metal6		VIA		112		0
metal6		VIAFILL		113		0
metal6		VIAFILLOPC		114		0
metal6		LEFOBS		115		0
NAME		metal6/NET		116		0
NAME		metal6/SPNET		117		0
NAME		metal6/PIN		118		0
NAME		metal6/LEFPIN		119		0
via6		PIN		120		0
via6		LEFPIN		121		0
via6		FILL		122		0
via6		FILLOPC		123		0
via6		VIA		124		0
via6		VIAFILL		125		0
via6		VIAFILLOPC		126		0
metal7		NET		127		0
metal7		SPNET		128		0
metal7		PIN		129		0
metal7		LEFPIN		130		0
metal7		FILL		131		0
metal7		FILLOPC		132		0
metal7		VIA		133		0
metal7		VIAFILL		134		0
metal7		VIAFILLOPC		135		0
metal7		LEFOBS		136		0
NAME		metal7/NET		137		0
NAME		metal7/SPNET		138		0
NAME		metal7/PIN		139		0
NAME		metal7/LEFPIN		140		0
via7		PIN		141		0
via7		LEFPIN		142		0
via7		FILL		143		0
via7		FILLOPC		144		0
via7		VIA		145		0
via7		VIAFILL		146		0
via7		VIAFILLOPC		147		0
metal8		NET		148		0
metal8		SPNET		149		0
metal8		PIN		150		0
metal8		LEFPIN		151		0
metal8		FILL		152		0
metal8		FILLOPC		153		0
metal8		VIA		154		0
metal8		VIAFILL		155		0
metal8		VIAFILLOPC		156		0
metal8		LEFOBS		157		0
NAME		metal8/NET		158		0
NAME		metal8/SPNET		159		0
NAME		metal8/PIN		160		0
NAME		metal8/LEFPIN		161		0
NAME		COMP		162		0
COMP		ALL		163		0
DIEAREA		ALL		164		0
